// Jest Snapshot v1, https://goo.gl/fbAQLP

exports[`Pruebas de <PrimeraApp /> Debe de mostrar <PrimeraApp /> correctamente 1`] = `
<Fragment>
  <h1>
    Hola soy Richi
    !!!
  </h1>
  <p>
    Soy un subtitulo.
  </p>
</Fragment>
`;
